// Jest Snapshot v1, https://goo.gl/fbAQLP

exports[`Format Currency Function should be test format currency 1`] = `"R$Â 10,00"`;
